bun.exe : $ next build
At C:\Users\Tushar\AppData\Roaming\npm\bu
n.ps1:14 char:3
+   & 
"$basedir/node_modules/bun/bin/bun.exe"  
 $args
+   ~~~~~~~~~~~~~~~~~~~~~~~~~~~~~~~~~~~~~
~~~~~~~~~~~~
    + CategoryInfo          : NotSpecifi 
   ed: ($ next build:String) [], Remote  
  Exception
    + FullyQualifiedErrorId : NativeComm 
   andError
 
   Γû▓ Next.js 15.5.9
   - Environments: .env.local, .env

   Creating an optimized production build ...
uncaughtException [Error: EPERM: 
operation not permitted, open 
'E:\Next-React\My 
Portfolio\My-Portfolio\.next\trace'] {
  errno: -4048,
  code: 'EPERM',
  syscall: 'open',
  path: 'E:\\Next-React\\My 
Portfolio\\My-Portfolio\\.next\\trace'
}
error: script "build" exited with code 1
